../Drivers/STM32WBAxx_HAL_Driver/Inc/stm32wbaxx_ll_rcc.h:3149:22:LL_RCC_ClearResetFlags	4	static
../Core/Src/app_entry.c:167:6:MX_APPE_Config	8	static
../Core/Src/app_entry.c:176:10:MX_APPE_Init	16	static
../Core/Src/app_entry.c:229:6:MX_APPE_Process	8	static
../Core/Src/app_entry.c:254:13:Config_HSE	16	static
../Core/Src/app_entry.c:273:13:System_Init	8	static
../Core/Src/app_entry.c:324:13:SystemPower_Config	8	static
../Core/Src/app_entry.c:384:13:APPE_RNG_Init	8	static
../Core/Src/app_entry.c:397:13:APPE_FLASH_MANAGER_Init	8	static
../Core/Src/app_entry.c:415:13:APPE_BPKA_Init	8	static
../Core/Src/app_entry.c:421:13:APPE_AMM_Init	8	static
../Core/Src/app_entry.c:443:6:UTIL_SEQ_Idle	4	static
../Core/Src/app_entry.c:458:6:UTIL_SEQ_PreIdle	4	static
../Core/Src/app_entry.c:494:6:UTIL_SEQ_PostIdle	4	static
../Core/Src/app_entry.c:510:6:BPKACB_Process	8	static
../Core/Src/app_entry.c:518:6:HWCB_RNG_Process	8	static
../Core/Src/app_entry.c:523:6:AMM_RegisterBasicMemoryManager	16	static
../Core/Src/app_entry.c:531:6:AMM_ProcessRequest	8	static
../Core/Src/app_entry.c:537:13:AMM_WrapperInit	16	static
../Core/Src/app_entry.c:542:19:AMM_WrapperAllocate	16	static
../Core/Src/app_entry.c:547:13:AMM_WrapperFree	16	static
../Core/Src/app_entry.c:552:6:FM_ProcessRequest	8	static
../Core/Src/app_entry.c:587:6:UTIL_ADV_TRACE_PreSendHook	4	static
../Core/Src/app_entry.c:598:6:UTIL_ADV_TRACE_PostSendHook	4	static
../Core/Src/app_entry.c:616:6:Serial_CMD_Interpreter_CmdExecute	16	static
