../Core/Src/DUST_functions.c:147:6:DATA_RECEIVED	32	static
../Core/Src/DUST_functions.c:321:20:CHANNEL_SET	16	static
../Core/Src/DUST_functions.c:328:6:LED_BLINKING	16	static
../Core/Src/DUST_functions.c:340:6:GET_ADC_VALUES	24	static
../Core/Src/DUST_functions.c:359:6:GET_ADC_VALUES_continous	8	static
../Core/Src/DUST_functions.c:382:6:HAL_TIM_PeriodElapsedCallback	16	static
../Core/Src/DUST_functions.c:403:6:HAL_LPTIM_AutoReloadMatchCallback	16	static
../Core/Src/DUST_functions.c:417:6:HAL_SPI_TxRxCpltCallback	32	static
../Core/Src/DUST_functions.c:473:13:DUST_Internal_ResetChannel	16	static
../Core/Src/DUST_functions.c:491:17:DUST_Internal_MAVG_Update	24	static
../Core/Src/DUST_functions.c:535:17:DUST_Internal_Baseline_Update	24	static
../Core/Src/DUST_functions.c:543:13:DUST_Internal_CallCallback	40	static
../Core/Src/DUST_functions.c:565:6:DUST_Init	16	static
../Core/Src/DUST_functions.c:575:6:DUST_SetCallback	16	static
../Core/Src/DUST_functions.c:580:6:DUST_SetCurrentChannel	16	static
../Core/Src/DUST_functions.c:593:6:DUST_Process	32	static
../Core/Src/DUST_functions.c:715:10:DUST_BuildFrame	24	static
../Core/Src/DUST_functions.c:746:6:DUST_SendFrame_UART	16	static
../Core/Src/DUST_functions.c:758:6:HAL_COMP_TriggerCallback	24	static
../Core/Src/DUST_functions.c:794:6:DUST_Save_To_Ram	16	static
../Core/Src/DUST_functions.c:821:10:DUST_BuildFrame_RAM	24	static
../Core/Src/DUST_functions.c:851:6:Config_PA7_As_GPIO	32	static
../Core/Src/DUST_functions.c:870:6:Config_PA7_As_PWM	32	static
