../Core/Src/DUST_functions.c:160:6:DATA_RECEIVED	64	static
../Core/Src/DUST_functions.c:471:20:CHANNEL_SET	16	static
../Core/Src/DUST_functions.c:478:6:LED_BLINKING	16	static
../Core/Src/DUST_functions.c:490:6:GET_ADC_VALUES	24	static
../Core/Src/DUST_functions.c:509:6:GET_ADC_VALUES_continous	8	static
../Core/Src/DUST_functions.c:532:6:HAL_TIM_PeriodElapsedCallback	16	static
../Core/Src/DUST_functions.c:553:6:HAL_LPTIM_AutoReloadMatchCallback	16	static
../Core/Src/DUST_functions.c:573:6:HAL_SPI_TxRxCpltCallback	32	static
../Core/Src/DUST_functions.c:629:13:DUST_Internal_ResetChannel	16	static
../Core/Src/DUST_functions.c:648:17:DUST_Internal_MAVG_Update	24	static
../Core/Src/DUST_functions.c:692:17:DUST_Internal_Baseline_Update	24	static
../Core/Src/DUST_functions.c:700:13:DUST_Internal_CallCallback	40	static
../Core/Src/DUST_functions.c:722:6:DUST_Init	16	static
../Core/Src/DUST_functions.c:732:6:DUST_SetCallback	16	static
../Core/Src/DUST_functions.c:737:6:DUST_SetCurrentChannel	16	static
../Core/Src/DUST_functions.c:750:6:DUST_Process	40	static
../Core/Src/DUST_functions.c:887:10:DUST_BuildFrame	24	static
../Core/Src/DUST_functions.c:918:6:DUST_SendFrame_UART	16	static
../Core/Src/DUST_functions.c:930:6:HAL_COMP_TriggerCallback	24	static
../Core/Src/DUST_functions.c:966:6:DUST_Save_To_Ram	16	static
../Core/Src/DUST_functions.c:993:10:DUST_BuildFrame_RAM	24	static
../Core/Src/DUST_functions.c:1024:6:Config_PA7_As_GPIO	32	static
../Core/Src/DUST_functions.c:1043:6:Config_PA7_As_PWM	64	static
