../Core/Src/DUST_functions.c:145:6:DATA_RECEIVED	32	static
../Core/Src/DUST_functions.c:308:20:CHANNEL_SET	16	static
../Core/Src/DUST_functions.c:315:6:LED_BLINKING	16	static
../Core/Src/DUST_functions.c:327:6:GET_ADC_VALUES	24	static
../Core/Src/DUST_functions.c:346:6:GET_ADC_VALUES_continous	8	static
../Core/Src/DUST_functions.c:369:6:HAL_TIM_PeriodElapsedCallback	16	static
../Core/Src/DUST_functions.c:390:6:HAL_LPTIM_AutoReloadMatchCallback	16	static
../Core/Src/DUST_functions.c:402:6:HAL_SPI_TxRxCpltCallback	32	static
../Core/Src/DUST_functions.c:459:13:DUST_Internal_ResetChannel	16	static
../Core/Src/DUST_functions.c:477:17:DUST_Internal_MAVG_Update	24	static
../Core/Src/DUST_functions.c:521:17:DUST_Internal_Baseline_Update	24	static
../Core/Src/DUST_functions.c:529:13:DUST_Internal_CallCallback	40	static
../Core/Src/DUST_functions.c:551:6:DUST_Init	16	static
../Core/Src/DUST_functions.c:561:6:DUST_SetCallback	16	static
../Core/Src/DUST_functions.c:566:6:DUST_SetCurrentChannel	16	static
../Core/Src/DUST_functions.c:579:6:DUST_Process	32	static
../Core/Src/DUST_functions.c:701:10:DUST_BuildFrame	24	static
../Core/Src/DUST_functions.c:732:6:DUST_SendFrame_UART	16	static
../Core/Src/DUST_functions.c:744:6:HAL_COMP_TriggerCallback	24	static
../Core/Src/DUST_functions.c:780:6:DUST_Save_To_Ram	16	static
../Core/Src/DUST_functions.c:807:10:DUST_BuildFrame_RAM	24	static
