../Core/Src/DUST_functions.c:160:6:DATA_RECEIVED	64	static
../Core/Src/DUST_functions.c:432:20:CHANNEL_SET	16	static
../Core/Src/DUST_functions.c:439:6:LED_BLINKING	16	static
../Core/Src/DUST_functions.c:451:6:GET_ADC_VALUES	24	static
../Core/Src/DUST_functions.c:470:6:GET_ADC_VALUES_continous	8	static
../Core/Src/DUST_functions.c:493:6:HAL_TIM_PeriodElapsedCallback	16	static
../Core/Src/DUST_functions.c:514:6:HAL_LPTIM_AutoReloadMatchCallback	16	static
../Core/Src/DUST_functions.c:529:6:HAL_SPI_TxRxCpltCallback	32	static
../Core/Src/DUST_functions.c:585:13:DUST_Internal_ResetChannel	16	static
../Core/Src/DUST_functions.c:604:17:DUST_Internal_MAVG_Update	24	static
../Core/Src/DUST_functions.c:648:17:DUST_Internal_Baseline_Update	24	static
../Core/Src/DUST_functions.c:656:13:DUST_Internal_CallCallback	40	static
../Core/Src/DUST_functions.c:678:6:DUST_Init	16	static
../Core/Src/DUST_functions.c:688:6:DUST_SetCallback	16	static
../Core/Src/DUST_functions.c:693:6:DUST_SetCurrentChannel	16	static
../Core/Src/DUST_functions.c:706:6:DUST_Process	40	static
../Core/Src/DUST_functions.c:843:10:DUST_BuildFrame	24	static
../Core/Src/DUST_functions.c:874:6:DUST_SendFrame_UART	16	static
../Core/Src/DUST_functions.c:886:6:HAL_COMP_TriggerCallback	24	static
../Core/Src/DUST_functions.c:922:6:DUST_Save_To_Ram	16	static
../Core/Src/DUST_functions.c:949:10:DUST_BuildFrame_RAM	24	static
../Core/Src/DUST_functions.c:980:6:Config_PA7_As_GPIO	32	static
../Core/Src/DUST_functions.c:999:6:Config_PA7_As_PWM	64	static
