../Core/Src/DUST_functions.c:152:6:DATA_RECEIVED	40	static
../Core/Src/DUST_functions.c:357:20:CHANNEL_SET	16	static
../Core/Src/DUST_functions.c:364:6:LED_BLINKING	16	static
../Core/Src/DUST_functions.c:376:6:GET_ADC_VALUES	24	static
../Core/Src/DUST_functions.c:395:6:GET_ADC_VALUES_continous	8	static
../Core/Src/DUST_functions.c:418:6:HAL_TIM_PeriodElapsedCallback	16	static
../Core/Src/DUST_functions.c:439:6:HAL_LPTIM_AutoReloadMatchCallback	16	static
../Core/Src/DUST_functions.c:453:6:HAL_SPI_TxRxCpltCallback	32	static
../Core/Src/DUST_functions.c:509:13:DUST_Internal_ResetChannel	16	static
../Core/Src/DUST_functions.c:528:17:DUST_Internal_MAVG_Update	24	static
../Core/Src/DUST_functions.c:572:17:DUST_Internal_Baseline_Update	24	static
../Core/Src/DUST_functions.c:580:13:DUST_Internal_CallCallback	40	static
../Core/Src/DUST_functions.c:602:6:DUST_Init	16	static
../Core/Src/DUST_functions.c:612:6:DUST_SetCallback	16	static
../Core/Src/DUST_functions.c:617:6:DUST_SetCurrentChannel	16	static
../Core/Src/DUST_functions.c:630:6:DUST_Process	40	static
../Core/Src/DUST_functions.c:767:10:DUST_BuildFrame	24	static
../Core/Src/DUST_functions.c:798:6:DUST_SendFrame_UART	16	static
../Core/Src/DUST_functions.c:810:6:HAL_COMP_TriggerCallback	24	static
../Core/Src/DUST_functions.c:846:6:DUST_Save_To_Ram	16	static
../Core/Src/DUST_functions.c:873:10:DUST_BuildFrame_RAM	24	static
../Core/Src/DUST_functions.c:904:6:Config_PA7_As_GPIO	32	static
../Core/Src/DUST_functions.c:923:6:Config_PA7_As_PWM	64	static
