../Drivers/STM32WBAxx_HAL_Driver/Inc/stm32wbaxx_ll_pwr.h:850:22:LL_PWR_SetICacheRAMStopRetention	16	static
../Drivers/STM32WBAxx_HAL_Driver/Inc/stm32wbaxx_ll_icache.h:219:22:LL_ICACHE_Enable	4	static
../Drivers/STM32WBAxx_HAL_Driver/Inc/stm32wbaxx_ll_icache.h:252:22:LL_ICACHE_SetMode	16	static
../Core/Src/main.c:110:6:MyDustEventHandler	24	static
../Core/Src/main.c:125:6:SD_Start_Session	8	static
../Core/Src/main.c:173:6:SD_Write_Fast_Chunk	32	static
../Core/Src/main.c:234:6:SD_Stop_Session	8	static
../Core/Src/main.c:270:6:SD_Write_Buffer	24	static
../Core/Src/main.c:373:5:main	8	static
../Core/Src/main.c:513:6:SystemClock_Config	104	static
../Core/Src/main.c:588:6:PeriphCommonClock_Config	80	static
../Core/Src/main.c:608:6:MX_ADC4_Init	24	static
../Core/Src/main.c:667:13:MX_COMP1_Init	8	static
../Core/Src/main.c:702:6:MX_CRC_Init	8	static
../Core/Src/main.c:735:6:MX_GPDMA1_Init	16	static
../Core/Src/main.c:769:6:MX_ICACHE_Init	8	static
../Core/Src/main.c:799:13:MX_LPTIM1_Init	8	static
../Core/Src/main.c:834:6:MX_RAMCFG_Init	8	static
../Core/Src/main.c:863:6:MX_RTC_Init	88	static
../Core/Src/main.c:933:13:MX_SPI3_Init	24	static
../Core/Src/main.c:988:13:MX_TIM1_Init	24	static
../Core/Src/main.c:1029:13:MX_TIM2_Init	48	static
../Core/Src/main.c:1078:13:MX_TIM3_Init	48	static
../Core/Src/main.c:1136:6:MX_USART1_UART_Init	8	static
../Core/Src/main.c:1184:6:MX_GPIO_Init	40	static
../Core/Src/main.c:1291:6:Error_Handler	4	static,ignoring_inline_asm
