../Drivers/STM32WBAxx_HAL_Driver/Inc/stm32wbaxx_ll_pwr.h:850:22:LL_PWR_SetICacheRAMStopRetention	16	static
../Drivers/STM32WBAxx_HAL_Driver/Inc/stm32wbaxx_ll_icache.h:219:22:LL_ICACHE_Enable	4	static
../Drivers/STM32WBAxx_HAL_Driver/Inc/stm32wbaxx_ll_icache.h:252:22:LL_ICACHE_SetMode	16	static
../Core/Src/main.c:108:6:MyDustEventHandler	24	static
../Core/Src/main.c:123:6:SD_Start_Session	8	static
../Core/Src/main.c:171:6:SD_Write_Fast_Chunk	32	static
../Core/Src/main.c:232:6:SD_Stop_Session	8	static
../Core/Src/main.c:268:6:SD_Write_Buffer	24	static
../Core/Src/main.c:371:5:main	8	static
../Core/Src/main.c:510:6:SystemClock_Config	104	static
../Core/Src/main.c:585:6:PeriphCommonClock_Config	80	static
../Core/Src/main.c:605:6:MX_ADC4_Init	24	static
../Core/Src/main.c:664:13:MX_COMP1_Init	8	static
../Core/Src/main.c:699:6:MX_CRC_Init	8	static
../Core/Src/main.c:732:6:MX_GPDMA1_Init	16	static
../Core/Src/main.c:766:6:MX_ICACHE_Init	8	static
../Core/Src/main.c:796:13:MX_LPTIM1_Init	8	static
../Core/Src/main.c:831:6:MX_RAMCFG_Init	8	static
../Core/Src/main.c:860:6:MX_RTC_Init	88	static
../Core/Src/main.c:930:13:MX_SPI3_Init	24	static
../Core/Src/main.c:985:13:MX_TIM1_Init	24	static
../Core/Src/main.c:1026:13:MX_TIM3_Init	48	static
../Core/Src/main.c:1084:6:MX_USART1_UART_Init	8	static
../Core/Src/main.c:1132:6:MX_GPIO_Init	40	static
../Core/Src/main.c:1241:6:Error_Handler	4	static,ignoring_inline_asm
