../Drivers/CMSIS/Include/core_cm33.h:2390:22:__NVIC_EnableIRQ	16	static,ignoring_inline_asm
../Drivers/CMSIS/Include/core_cm33.h:2428:22:__NVIC_DisableIRQ	16	static,ignoring_inline_asm
../Drivers/STM32WBAxx_HAL_Driver/Inc/stm32wbaxx_ll_rcc.h:1773:22:LL_RCC_RADIO_DisableSleepTimerClock	4	static
../Drivers/STM32WBAxx_HAL_Driver/Inc/stm32wbaxx_ll_tim.h:5005:22:LL_TIM_ClearFlag_UPDATE	16	static
../Drivers/STM32WBAxx_HAL_Driver/Inc/stm32wbaxx_ll_tim.h:5016:26:LL_TIM_IsActiveFlag_UPDATE	16	static
../Core/Src/stm32wbaxx_it.c:87:6:NMI_Handler	4	static
../Core/Src/stm32wbaxx_it.c:102:6:HardFault_Handler	4	static
../Core/Src/stm32wbaxx_it.c:117:6:MemManage_Handler	4	static
../Core/Src/stm32wbaxx_it.c:132:6:BusFault_Handler	4	static
../Core/Src/stm32wbaxx_it.c:147:6:UsageFault_Handler	4	static
../Core/Src/stm32wbaxx_it.c:162:6:SVC_Handler	4	static
../Core/Src/stm32wbaxx_it.c:175:6:DebugMon_Handler	4	static
../Core/Src/stm32wbaxx_it.c:188:6:PendSV_Handler	4	static
../Core/Src/stm32wbaxx_it.c:201:6:SysTick_Handler	8	static
../Core/Src/stm32wbaxx_it.c:222:6:RTC_IRQHandler	8	static
../Core/Src/stm32wbaxx_it.c:237:6:RCC_IRQHandler	8	static
../Core/Src/stm32wbaxx_it.c:267:6:GPDMA1_Channel0_IRQHandler	8	static
../Core/Src/stm32wbaxx_it.c:281:6:GPDMA1_Channel1_IRQHandler	8	static
../Core/Src/stm32wbaxx_it.c:295:6:GPDMA1_Channel3_IRQHandler	8	static
../Core/Src/stm32wbaxx_it.c:309:6:GPDMA1_Channel4_IRQHandler	8	static
../Core/Src/stm32wbaxx_it.c:323:6:TIM1_BRK_IRQHandler	8	static
../Core/Src/stm32wbaxx_it.c:337:6:TIM1_UP_IRQHandler	8	static
../Core/Src/stm32wbaxx_it.c:351:6:USART1_IRQHandler	8	static
../Core/Src/stm32wbaxx_it.c:365:6:LPTIM1_IRQHandler	8	static
../Core/Src/stm32wbaxx_it.c:379:6:TIM16_IRQHandler	8	static
../Core/Src/stm32wbaxx_it.c:405:6:COMP_IRQHandler	8	static
../Core/Src/stm32wbaxx_it.c:419:6:SPI3_IRQHandler	8	static
../Core/Src/stm32wbaxx_it.c:433:6:RADIO_IRQHandler	8	static,ignoring_inline_asm
../Core/Src/stm32wbaxx_it.c:455:6:HASH_IRQHandler	8	static
