../Drivers/STM32WBAxx_HAL_Driver/Inc/stm32wbaxx_ll_system.h:945:26:LL_DBGMCU_GetDeviceID	4	static
../Drivers/STM32WBAxx_HAL_Driver/Inc/stm32wbaxx_ll_system.h:956:26:LL_DBGMCU_GetRevisionID	4	static
../Drivers/STM32WBAxx_HAL_Driver/Inc/stm32wbaxx_ll_system.h:1253:26:LL_FLASH_GetUDN	4	static
../Drivers/STM32WBAxx_HAL_Driver/Inc/stm32wbaxx_ll_system.h:1263:26:LL_FLASH_GetDeviceID	4	static
../Drivers/STM32WBAxx_HAL_Driver/Inc/stm32wbaxx_ll_system.h:1273:26:LL_FLASH_GetSTCompanyID	4	static
../Drivers/STM32WBAxx_HAL_Driver/Inc/stm32wbaxx_ll_utils.h:199:26:LL_GetUID_Word0	4	static
../Drivers/STM32WBAxx_HAL_Driver/Inc/stm32wbaxx_ll_utils.h:208:26:LL_GetUID_Word1	4	static
../Drivers/STM32WBAxx_HAL_Driver/Inc/stm32wbaxx_ll_utils.h:217:26:LL_GetUID_Word2	4	static
../Drivers/STM32WBAxx_HAL_Driver/Inc/stm32wbaxx_ll_utils.h:253:26:LL_GetPackageType	4	static
../STM32_WPAN/App/app_ble.c:229:6:APP_BLE_Init	16	static
../STM32_WPAN/App/app_ble.c:305:28:SVCCTL_App_Notification	128	static
../STM32_WPAN/App/app_ble.c:704:22:APP_BLE_Get_Server_Connection_Status	4	static
../STM32_WPAN/App/app_ble.c:709:6:APP_BLE_Procedure_Gap_General	32	static
../STM32_WPAN/App/app_ble.c:804:6:APP_BLE_Procedure_Gap_Peripheral	96	static
../STM32_WPAN/App/app_ble.c:1021:16:BleGetBdAddress	16	static
../STM32_WPAN/App/app_ble.c:1030:12:SetGapAppearance	32	static
../STM32_WPAN/App/app_ble.c:1044:12:SetGapDeviceName	32	static
../STM32_WPAN/App/app_ble.c:1058:6:APP_BLE_HostNvmStore	8	static
../STM32_WPAN/App/app_ble.c:1073:16:HOST_BLE_Init	16	static
../STM32_WPAN/App/app_ble.c:1107:13:Ble_Hci_Gap_Gatt_Init	112	static
../STM32_WPAN/App/app_ble.c:1448:13:Ble_UserEvtRx	16	static
../STM32_WPAN/App/app_ble.c:1476:23:BleGenerateBdAddress	48	static
../STM32_WPAN/App/app_ble.c:1550:23:BleGenerateIRValue	80	static
../STM32_WPAN/App/app_ble.c:1611:23:BleGenerateERValue	80	static
../STM32_WPAN/App/app_ble.c:1673:13:BleStack_Process_BG	8	static
../STM32_WPAN/App/app_ble.c:1681:13:gap_cmd_resp_release	8	static
../STM32_WPAN/App/app_ble.c:1687:13:gap_cmd_resp_wait	8	static
../STM32_WPAN/App/app_ble.c:1698:13:BLE_ResumeFlowProcessCallback	16	static
../STM32_WPAN/App/app_ble.c:1708:13:BLE_NvmCallback	16	static
../STM32_WPAN/App/app_ble.c:1719:13:fill_advData	32	static
../STM32_WPAN/App/app_ble.c:1801:12:BLECB_Indication	32	static
